[2026-08-23T16:16:24Z] stage command: bash /root/Prism-final-regression-diagnosis/exp/results/final-baseline-ready/raw/interaction-D3/runB1-global-backlog/STAGE_CMD.sh
### paper-faithful-v6_bursty_rate20_seed1  port=41500 trace=bursty_r20_s1.pkl workers=4 models=6
waiting for server.................................................................................................. -> ready
[proc] server pid=1183768 pgid=1183768 ppid=2778 port=41500
system=paper-faithful-v6 workload=bursty rate=20 seed=1
max_mem_usage=67.28
model_config_file=/root/Prism-final-regression-diagnosis/exp/configs/v2/6model_2gpu.json
flashinfer_workspace_size=1073741824
alg1_log_lines=175
alg1_migrations=4
v4_weight_transfers=12
v4_p2p_transfers=12
v6_kv_transfers=3
v6_p2p_transfers=3
v6_resumed_requests=0
alg2_log_lines=4
alg2_underadmission_warnings=0
proto_migrations=0
activations=3
deactivations=11
idle_evictions=8
### paper-faithful-v6_bursty_rate20_seed1 done
